exports[`test should work with extensions 1`] = `
<ul
  className="nav navbar-nav">
  <li>
    <Link
      activeClassName="active"
      onlyActiveOnIndex={false}
      style={Object {}}
      to="/projects">
      projects.page
    </Link>
  </li>
  <li>
    <Link
      activeClassName="active"
      onlyActiveOnIndex={false}
      style={Object {}}
      to={
        Object {
          "pathname": "/new-issues",
          "query": Object {
            "resolved": "false",
          },
        }
      }>
      <span
        className="badge spacer-right">
        New
      </span>
      issues.page
    </Link>
  </li>
  <li>
    <Link
      className={null}
      onlyActiveOnIndex={false}
      style={Object {}}
      to="/issues#resolved=false">
      issues.page
    </Link>
  </li>
  <li>
    <Link
      className={null}
      onlyActiveOnIndex={false}
      style={Object {}}
      to="/coding_rules">
      coding_rules.page
    </Link>
  </li>
  <li>
    <Link
      activeClassName="active"
      onlyActiveOnIndex={false}
      style={Object {}}
      to="/profiles">
      quality_profiles.page
    </Link>
  </li>
  <li>
    <Link
      activeClassName="active"
      onlyActiveOnIndex={false}
      style={Object {}}
      to="/quality_gates">
      quality_gates.page
    </Link>
  </li>
  <li
    className="dropdown">
    <a
      className="dropdown-toggle"
      data-toggle="dropdown"
      href="#"
      id="global-navigation-more">
      more
      Â 
      <span
        className="icon-dropdown" />
    </a>
    <ul
      className="dropdown-menu">
      <li>
        <Link
          onlyActiveOnIndex={false}
          style={Object {}}
          to="/extension/foo">
          Foo
        </Link>
      </li>
    </ul>
  </li>
</ul>
`;
